==============================================================
host        : workergpu162
date        : Tue Sep  1 05:05:04 PM EDT 2026
job         : 6972367
cpus        : 16   mem: 65536
gpus        : 5
cwd         : /mnt/home/misi/src/ringdown-bench
==============================================================
Tue Sep  1 17:05:04 2026       
+-----------------------------------------------------------------------------------------+
| NVIDIA-SMI 580.178.04             Driver Version: 580.178.04     CUDA Version: 13.0     |
+-----------------------------------------+------------------------+----------------------+
| GPU  Name                 Persistence-M | Bus-Id          Disp.A | Volatile Uncorr. ECC |
| Fan  Temp   Perf          Pwr:Usage/Cap |           Memory-Usage | GPU-Util  Compute M. |
|                                         |                        |               MIG M. |
|=========================================+========================+======================|
|   0  NVIDIA H100 PCIe               Off |   00000000:B4:00.0 Off |                    0 |
| N/A   34C    P0             47W /  350W |       0MiB /  81559MiB |      0%      Default |
|                                         |                        |             Disabled |
+-----------------------------------------+------------------------+----------------------+

+-----------------------------------------------------------------------------------------+
| Processes:                                                                              |
|  GPU   GI   CI              PID   Type   Process name                        GPU Memory |
|        ID   ID                                                               Usage      |
|=========================================================================================|
|  No running processes found                                                             |
+-----------------------------------------------------------------------------------------+
--- driver / CUDA ---
name, driver_version, compute_cap, memory.total [MiB]
NVIDIA H100 PCIe, 580.178.04, 9.0, 81559 MiB
==============================================================

=== ENVIRONMENT [leg gpu-f64] ===
  hostname             workergpu162
  jax_backend          gpu
  jax_devices          ['cuda:0']
  jax_device_kinds     ['NVIDIA H100 PCIe']
  jax_enable_x64       True
  dtype                float64
  cpu_model            Intel(R) Xeon(R) Platinum 8362 CPU @ 2.80GHz
  cpu_affinity_count   16
  nvidia_smi           NVIDIA H100 PCIe, 580.178.04, 81559 MiB, 9.0, 1755 MHz
  threads              {'OMP_NUM_THREADS': '16', 'MKL_NUM_THREADS': '16', 'OPENBLAS_NUM_THREADS': '16', 'XLA_FLAGS': None, 'JAX_PLATFORMS': 'cuda'}
  ringdown             /mnt/home/misi/src/ringdown-bench (v1.1.0-46-gd85a0d6)
  versions             jax=0.11.1 jaxlib=0.11.1 numpyro=0.21.0 cublas=12.9.2.10 cusolver=11.7.5.82
  gpu_state            0 %, 1755 MHz, 1755 MHz, 33, 62.76 W, 467 MiB

=== CORRECTNESS: prototypes vs unmodified ringdown.model.make_model ===
    tolerance 1e-11 on the potential and on EVERY gradient component
  (1, 205,1)  current=1.2e-16[OK ] whiten_seq=0.0e+00[OK ] R1_unroll_concat=2.5e-16[OK ] R1_unroll_sep=0.0e+00[OK ] R1_vmap=1.2e-16[OK ]
  (2, 205,2)  current=0.0e+00[OK ] whiten_seq=0.0e+00[OK ] R1_unroll_concat=1.3e-16[OK ] R1_unroll_sep=0.0e+00[OK ] R1_vmap=2.6e-16[OK ]
  (3, 205,3)  current=1.7e-16[OK ] whiten_seq=1.7e-16[OK ] R1_unroll_concat=0.0e+00[OK ] R1_unroll_sep=0.0e+00[OK ] R1_vmap=3.5e-16[OK ]
  (2,1024,4)  current=0.0e+00[OK ] whiten_seq=0.0e+00[OK ] R1_unroll_concat=0.0e+00[OK ] R1_unroll_sep=0.0e+00[OK ] R1_vmap=0.0e+00[OK ]

=== FLOAT64 REFERENCE DUMP for the float32 accuracy test ===
  modes        a_scale_max  cond(A^-1)   float64 potential (pt0)
  220_221      1e-20         1.000e+00   current=-215.499703  R1_unroll_sep=-215.499703  R1_vmap=-215.499703
  220_221      1e+00         8.589e+00   current=-214.414093  R1_unroll_sep=-214.414093  R1_vmap=-214.414093
  220_221      1e+03         2.260e+05   current=-178.050088  R1_unroll_sep=-178.050088  R1_vmap=-178.050088
  220_221      1e+06         1.027e+05   current=-122.954540  R1_unroll_sep=-122.954540  R1_vmap=-122.954540
  degenerate   1e+00         1.293e+01   current=-213.204095  R1_unroll_sep=-213.204095  R1_vmap=-213.204095
  degenerate   1e+03         1.216e+07   current=-192.766738  R1_unroll_sep=-192.766738  R1_vmap=-192.766738
  -> /mnt/home/misi/src/ringdown-bench/benchmarks/h100/results_6972367.f64ref.npz (270 arrays)

=== PER-GRADIENT DEVICE TIME (us/grad) [leg gpu-f64] ===
  --- (n_det=2, n_analyze=205, n_modes=2)  k=8 ---
    current                    1309.7 us    1.00x   trsm=42 potrf=2
    whiten_seq                  578.4 us    2.26x   trsm=18 potrf=2
    R1_unroll_concat            457.0 us    2.87x   trsm=8 potrf=1
    R1_unroll_sep               467.8 us    2.80x   trsm=10 potrf=1
    R1_vmap                     491.7 us    2.66x   trsm=7 potrf=1
    floor_no_likelihood          26.1 us   50.23x   
  --- (n_det=2, n_analyze=1024, n_modes=4)  k=16 ---
    current                    4313.5 us    1.00x   trsm=42 potrf=2
    R1_unroll_concat           2451.8 us    1.76x   trsm=8 potrf=1
    R1_unroll_sep              1551.4 us    2.78x   trsm=10 potrf=1
    R1_vmap                    2002.1 us    2.15x   trsm=7 potrf=1
    floor_no_likelihood          32.1 us  134.56x   
  --- (n_det=3, n_analyze=1024, n_modes=8)  k=32 ---
    current                    7050.5 us    1.00x   trsm=66 potrf=3
    R1_unroll_concat           3583.1 us    1.97x   trsm=10 potrf=1
    R1_unroll_sep              2472.0 us    2.85x   trsm=13 potrf=1
    R1_vmap                    2123.7 us    3.32x   trsm=7 potrf=1
    floor_no_likelihood          51.3 us  137.46x   

=== VECTORIZED-CHAIN SCALING [gpu-f64], point (2, 205, 2), 250+250 per chain ===
  variant            method      chains    wall_s    s/chain   vs_1chain ms/chain-iter
  current            vectorized       1     10.50     10.500       1.00x        21.001
  current            default          4     38.95      9.738                   19.476  There are not enough devices to run parallel chains: ex
  R1_unroll_sep      vectorized       1      7.08      7.077       1.00x        14.154
  R1_unroll_sep      vectorized       4     13.25      3.313       2.14x         6.626
  R1_unroll_sep      vectorized      16     16.80      1.050       6.74x         2.101
  R1_unroll_sep      vectorized      64     20.95      0.327      21.62x         0.655
  R1_vmap            vectorized       1      7.44      7.441       1.00x        14.882
  R1_vmap            vectorized       4      9.27      2.316       3.21x         4.633
  R1_vmap            vectorized      16     12.80      0.800       9.30x         1.600
  R1_vmap            vectorized      64     18.24      0.285      26.11x         0.570

=== TRIANGULAR-SOLVE RHS SWEEP (forward only, unbatched) [gpu-f64] ===
    A6000/f64 reference: flat ~75-132 us for RHS 1..16 at n=205, then
    a 3.5x THRESHOLD at RHS>=17 (not an odd/even effect -- verifier),
    with an anomalously fast point at exactly 32.
  n=205:
     k=8:    57.6  k=9:    70.1  k=10:    70.3  k=11:    69.8  k=12:    70.7  k=13:    83.3  k=14:    83.4  k=15:    83.2
     k=16:    83.8  k=17:   123.0  k=18:   117.2  k=19:   123.0  k=20:   117.4  k=21:   122.7  k=22:   117.4  k=23:   122.7
     k=24:   114.5  k=25:   120.4  k=26:   114.4  k=27:   120.4  k=28:   114.3  k=29:   120.4  k=30:   114.1  k=31:   120.5
     k=32:    90.7  k=33:   123.1  k=34:   117.9  k=35:   123.1  k=36:   117.7  k=37:   123.4  k=38:   117.7  k=39:   123.4
     k=40:   114.8
     largest single-step jump: k=16 -> k=17  x1.47
  n=1024:
     k=8:   198.9  k=9:   254.7  k=12:   253.1  k=16:   307.5  k=17:   593.3  k=18:   566.1  k=24:   538.9  k=32:   372.8
     k=33:   584.2  k=40:   541.0
     largest single-step jump: k=16 -> k=17  x1.93

=== COMPILE TIME [gpu-f64] ===
  isolated jit(grad) 2,205,2      current                  0.55 s
  isolated jit(grad) 2,205,2      whiten_seq               0.51 s
  isolated jit(grad) 2,205,2      R1_unroll_concat         0.47 s
  isolated jit(grad) 2,205,2      R1_unroll_sep            0.45 s
  isolated jit(grad) 2,205,2      R1_vmap                  0.43 s
  isolated jit(grad) 2,205,2      floor_no_likelihood      0.33 s
  isolated jit(grad) 3,1024,8     current                  0.92 s
  isolated jit(grad) 3,1024,8     whiten_seq               0.89 s
  isolated jit(grad) 3,1024,8     R1_unroll_concat         0.75 s
  isolated jit(grad) 3,1024,8     R1_unroll_sep            0.70 s
  isolated jit(grad) 3,1024,8     R1_vmap                  0.68 s
  isolated jit(grad) 3,1024,8     floor_no_likelihood      0.34 s
  MCMC R1_vmap        N=250   7.50s N=1000  14.43s -> compile ~ 5.20s   4.616 ms/iter

------------------------------------------------------------------------------
=== LEG: GPU float32 -- a PRODUCTION mode (ringdown_fit.py `float32` flag) ===
  $ /mnt/home/misi/src/ringdown-bench/.venv/bin/python /mnt/home/misi/src/ringdown-bench/benchmarks/h100/bench.py --no-sub --out /mnt/home/misi/src/ringdown-bench/benchmarks/h100/results_6972367.gpu_f32.json --parent-pid 1722821 --platform gpu --x64 0 --ref /mnt/home/misi/src/ringdown-bench/benchmarks/h100/results_6972367.f64ref.npz --sections env,f32acc,devtime,rhs,compile,chains --deadline 600
  | 
  | === ENVIRONMENT [leg gpu-f32] ===
  |   hostname             workergpu162
  |   jax_backend          gpu
  |   jax_devices          ['cuda:0']
  |   jax_device_kinds     ['NVIDIA H100 PCIe']
  |   jax_enable_x64       False
  |   dtype                float32
  |   cpu_model            Intel(R) Xeon(R) Platinum 8362 CPU @ 2.80GHz
  |   cpu_affinity_count   16
  |   nvidia_smi           NVIDIA H100 PCIe, 580.178.04, 81559 MiB, 9.0, 1755 MHz
  |   threads              {'OMP_NUM_THREADS': '16', 'MKL_NUM_THREADS': '16', 'OPENBLAS_NUM_THREADS': '16', 'XLA_FLAGS': None, 'JAX_PLATFORMS': 'cuda'}
  |   ringdown             /mnt/home/misi/src/ringdown-bench (v1.1.0-46-gd85a0d6)
  |   versions             jax=0.11.1 jaxlib=0.11.1 numpyro=0.21.0 cublas=12.9.2.10 cusolver=11.7.5.82
  |   gpu_state            0 %, 1755 MHz, 1755 MHz, 32, 78.74 W, 1597 MiB
  | 
  | === FLOAT32 ACCURACY / ROBUSTNESS vs the float64 reference ===
  |     A6000 reference (GPU_BENCHMARKS 3.2): at cond(A)~26 the f32
  |     GRADIENT is only good to ~5e-4 (current) / ~7e-5 (R1) while the
  |     potential looks fine at ~5e-7; and `current` goes NaN at
  |     cond(A) >= 5e6 where R1 still returns a finite value.
  |   case                 variant              rel_err_U rel_err_grad all_finite
  |   220_221|1e-20        current               5.89e-08    9.72e-07     True
  |   220_221|1e-20        R1_unroll_sep         4.00e-08    9.72e-07     True
  |   220_221|1e-20        R1_vmap               1.51e-07    9.72e-07     True
  |   220_221|1            current               2.86e-06    4.88e-04     True
  |   220_221|1            R1_unroll_sep         1.55e-07    9.63e-04     True
  |   220_221|1            R1_vmap               2.98e-07    9.64e-04     True
  |   220_221|1000         current                    nan         nan    False
  |   220_221|1000         R1_unroll_sep         7.01e-05    4.42e+01     True
  |   220_221|1000         R1_vmap               6.82e-05    1.26e+01     True
  |   220_221|1e+06        current                    nan         nan    False
  |   220_221|1e+06        R1_unroll_sep         1.23e-05    1.74e+00     True
  |   220_221|1e+06        R1_vmap               1.35e-05    1.72e+00     True
  |   degenerate|1         current               2.18e-06    1.43e-02     True
  |   degenerate|1         R1_unroll_sep         1.23e-06    3.10e-03     True
  |   degenerate|1         R1_vmap               1.38e-06    3.03e-03     True
  |   degenerate|1000      current                    nan         nan    False
  |   degenerate|1000      R1_unroll_sep         6.16e-03    3.59e+02     True
  |   degenerate|1000      R1_vmap               6.32e-03    2.35e+02     True
  | 
  | === PER-GRADIENT DEVICE TIME (us/grad) [leg gpu-f32] ===
  |   --- (n_det=2, n_analyze=205, n_modes=2)  k=8 ---
  |     current                    1049.7 us    1.00x   trsm=42 potrf=2
  |     whiten_seq                  434.6 us    2.42x   trsm=18 potrf=2
  |     R1_unroll_concat            372.4 us    2.82x   trsm=8 potrf=1
  |     R1_unroll_sep               338.2 us    3.10x   trsm=10 potrf=1
  |     R1_vmap                     458.0 us    2.29x   trsm=7 potrf=1
  |     floor_no_likelihood          23.5 us   44.76x   
  |   --- (n_det=2, n_analyze=1024, n_modes=4)  k=16 ---
  |     current                    5258.7 us    1.00x   trsm=42 potrf=2
  |     R1_unroll_concat           1552.4 us    3.39x   trsm=8 potrf=1
  |     R1_unroll_sep              1675.7 us    3.14x   trsm=10 potrf=1
  |     R1_vmap                    2028.8 us    2.59x   trsm=7 potrf=1
  |     floor_no_likelihood          24.1 us  218.55x   
  |   --- (n_det=3, n_analyze=1024, n_modes=8)  k=32 ---
  |     current                    8100.8 us    1.00x   trsm=66 potrf=3
  |     R1_unroll_concat           2300.4 us    3.52x   trsm=10 potrf=1
  |     R1_unroll_sep              2502.7 us    3.24x   trsm=13 potrf=1
  |     R1_vmap                    2161.6 us    3.75x   trsm=7 potrf=1
  |     floor_no_likelihood          32.3 us  251.08x   
  | 
  | === VECTORIZED-CHAIN SCALING [gpu-f32], point (2, 205, 2), 250+250 per chain ===
  |   variant            method      chains    wall_s    s/chain   vs_1chain ms/chain-iter
  |   current            vectorized       1     10.71     10.714       1.00x        21.427
  |   current            default          4     34.69      8.672                   17.344  There are not enough devices to run parallel chains: ex
  |   R1_unroll_sep      vectorized       1      4.64      4.636       1.00x         9.272
  |   R1_unroll_sep      vectorized      16     14.83      0.927       5.00x         1.854
  |   R1_unroll_sep      vectorized      64     19.02      0.297      15.60x         0.595
  |   R1_vmap            vectorized       1      5.25      5.254       1.00x        10.509
  |   R1_vmap            vectorized       4     13.11      3.278       1.60x         6.555
  |   R1_vmap            vectorized      16     12.26      0.766       6.86x         1.532
  |   R1_vmap            vectorized      64     17.12      0.267      19.64x         0.535
  | 
  | === TRIANGULAR-SOLVE RHS SWEEP (forward only, unbatched) [gpu-f32] ===
  |     A6000/f64 reference: flat ~75-132 us for RHS 1..16 at n=205, then
  |     a 3.5x THRESHOLD at RHS>=17 (not an odd/even effect -- verifier),
  |     with an anomalously fast point at exactly 32.
  |   n=205:
  |      k=8:    53.2  k=9:    79.7  k=12:    79.7  k=14:    80.0  k=16:    79.9  k=17:    79.9  k=18:    79.7  k=20:    81.1
  |      k=24:    80.1  k=28:    80.0  k=32:    79.5  k=33:    79.8  k=36:    79.5  k=40:    79.9
  |      largest single-step jump: k=8 -> k=9  x1.50
  | 
  | === COMPILE TIME [gpu-f32] ===
  |   isolated jit(grad) 2,205,2      current                  0.53 s
  |   isolated jit(grad) 2,205,2      whiten_seq               0.51 s
  |   isolated jit(grad) 2,205,2      R1_unroll_concat         0.46 s
  |   isolated jit(grad) 2,205,2      R1_unroll_sep            0.45 s
  |   isolated jit(grad) 2,205,2      R1_vmap                  0.45 s
  |   isolated jit(grad) 2,205,2      floor_no_likelihood      0.39 s
  |   MCMC R1_vmap        N=250   5.29s N=1000  12.92s -> compile ~ 2.74s   5.091 ms/iter
  | 
  | === LEG gpu-f32 DONE in 278.6 s -> /mnt/home/misi/src/ringdown-bench/benchmarks/h100/results_6972367.gpu_f32.json ===
  |   (leg wall 280.2 s, exit 0)

------------------------------------------------------------------------------
=== LEG: host CPU float64, all allocated cores, per-gradient timings (JAX_PLATFORMS=cpu set BEFORE `import jax`; ONE CPU device, as in the A6000 study) ===
  $ /mnt/home/misi/src/ringdown-bench/.venv/bin/python /mnt/home/misi/src/ringdown-bench/benchmarks/h100/bench.py --no-sub --out /mnt/home/misi/src/ringdown-bench/benchmarks/h100/results_6972367.cpu_f64.json --parent-pid 1722821 --platform cpu --sections env,devtime --deadline 300
  | 
  | === ENVIRONMENT [leg cpu-f64] ===
  |   hostname             workergpu162
  |   jax_backend          cpu
  |   jax_devices          ['cpu:0']
  |   jax_device_kinds     ['cpu']
  |   jax_enable_x64       True
  |   dtype                float64
  |   cpu_model            Intel(R) Xeon(R) Platinum 8362 CPU @ 2.80GHz
  |   cpu_affinity_count   16
  |   nvidia_smi           NVIDIA H100 PCIe, 580.178.04, 81559 MiB, 9.0, 1755 MHz
  |   threads              {'OMP_NUM_THREADS': '16', 'MKL_NUM_THREADS': '16', 'OPENBLAS_NUM_THREADS': '16', 'XLA_FLAGS': None, 'JAX_PLATFORMS': 'cpu'}
  |   ringdown             /mnt/home/misi/src/ringdown-bench (v1.1.0-46-gd85a0d6)
  |   versions             jax=0.11.1 jaxlib=0.11.1 numpyro=0.21.0 cublas=12.9.2.10 cusolver=11.7.5.82
  | 
  | === PER-GRADIENT DEVICE TIME (us/grad) [leg cpu-f64] ===
  |   --- (n_det=2, n_analyze=205, n_modes=2)  k=8 ---
  |     current                     596.1 us    1.00x   trsm=42 potrf=2
  |     whiten_seq                  228.1 us    2.61x   trsm=18 potrf=2
  |     R1_unroll_concat            199.0 us    3.00x   trsm=8 potrf=1
  |     R1_unroll_sep               230.3 us    2.59x   trsm=10 potrf=1
  |     R1_vmap                     251.6 us    2.37x   trsm=7 potrf=1
  |     floor_no_likelihood          51.3 us   11.61x   
  |   --- (n_det=2, n_analyze=1024, n_modes=4)  k=16 ---
  |     current                   10795.6 us    1.00x   trsm=42 potrf=2
  |     R1_unroll_concat           3511.1 us    3.07x   trsm=8 potrf=1
  |     R1_unroll_sep              3850.9 us    2.80x   trsm=10 potrf=1
  |     R1_vmap                    3739.7 us    2.89x   trsm=7 potrf=1
  |     floor_no_likelihood         561.5 us   19.23x   
  |   --- (n_det=3, n_analyze=1024, n_modes=8)  k=32 ---
  |     current                   23386.7 us    1.00x   trsm=66 potrf=3
  |     R1_unroll_concat          10316.3 us    2.27x   trsm=10 potrf=1
  |     R1_unroll_sep             10876.0 us    2.15x   trsm=13 potrf=1
  |     R1_vmap                    9764.2 us    2.40x   trsm=7 potrf=1
  |     floor_no_likelihood        1811.7 us   12.91x   
  | 
  | === LEG cpu-f64 DONE in 88.9 s -> /mnt/home/misi/src/ringdown-bench/benchmarks/h100/results_6972367.cpu_f64.json ===
  |   (leg wall 89.8 s, exit 0)

------------------------------------------------------------------------------
=== LEG: host CPU float64, chain scaling with numpyro.set_host_device_count(4), OMP_NUM_THREADS=1 -- the production CPU configuration ===
  $ /mnt/home/misi/src/ringdown-bench/.venv/bin/python /mnt/home/misi/src/ringdown-bench/benchmarks/h100/bench.py --no-sub --out /mnt/home/misi/src/ringdown-bench/benchmarks/h100/results_6972367.cpu_f64_chains.json --parent-pid 1722821 --platform cpu --omp 1 --sections env,chains --deadline 200
  | 
  | === ENVIRONMENT [leg cpu-f64] ===
  |   hostname             workergpu162
  |   jax_backend          cpu
  |   jax_devices          ['cpu:0', 'cpu:1', 'cpu:2', 'cpu:3']
  |   jax_device_kinds     ['cpu', 'cpu', 'cpu', 'cpu']
  |   jax_enable_x64       True
  |   dtype                float64
  |   cpu_model            Intel(R) Xeon(R) Platinum 8362 CPU @ 2.80GHz
  |   cpu_affinity_count   16
  |   nvidia_smi           NVIDIA H100 PCIe, 580.178.04, 81559 MiB, 9.0, 1755 MHz
  |   threads              {'OMP_NUM_THREADS': '1', 'MKL_NUM_THREADS': '1', 'OPENBLAS_NUM_THREADS': '1', 'XLA_FLAGS': '--xla_force_host_platform_device_count=4', 'JAX_PLATFORMS': 'cpu'}
  |   ringdown             /mnt/home/misi/src/ringdown-bench (v1.1.0-46-gd85a0d6)
  |   versions             jax=0.11.1 jaxlib=0.11.1 numpyro=0.21.0 cublas=12.9.2.10 cusolver=11.7.5.82
  | 
  | === VECTORIZED-CHAIN SCALING [cpu-f64], point (2, 205, 2), 250+250 per chain ===
  |   variant            method      chains    wall_s    s/chain   vs_1chain ms/chain-iter
  |   current            vectorized       1     10.50     10.504       1.00x        21.009
  |   current            default          4      7.54      1.885                    3.770  
  |   R1_unroll_sep      vectorized       1      3.01      3.013       1.00x         6.025
  |   R1_unroll_sep      default          4      3.69      0.923                    1.845  
  |   R1_vmap            vectorized       1      3.34      3.337       1.00x         6.673
  |   R1_vmap            default          4      3.84      0.960                    1.921  
  | 
  | === LEG cpu-f64 DONE in 37.6 s -> /mnt/home/misi/src/ringdown-bench/benchmarks/h100/results_6972367.cpu_f64_chains.json ===
  |   (leg wall 38.4 s, exit 0)

------------------------------------------------------------------------------
=== LEG: host CPU float64, OMP_NUM_THREADS=1 (production CLI setting), production point only ===
  $ /mnt/home/misi/src/ringdown-bench/.venv/bin/python /mnt/home/misi/src/ringdown-bench/benchmarks/h100/bench.py --no-sub --out /mnt/home/misi/src/ringdown-bench/benchmarks/h100/results_6972367.cpu_f64_omp1.json --parent-pid 1722821 --platform cpu --omp 1 --sections env,devtime --configs 2,205,2 --deadline 240
  | 
  | === ENVIRONMENT [leg cpu-f64] ===
  |   hostname             workergpu162
  |   jax_backend          cpu
  |   jax_devices          ['cpu:0']
  |   jax_device_kinds     ['cpu']
  |   jax_enable_x64       True
  |   dtype                float64
  |   cpu_model            Intel(R) Xeon(R) Platinum 8362 CPU @ 2.80GHz
  |   cpu_affinity_count   16
  |   nvidia_smi           NVIDIA H100 PCIe, 580.178.04, 81559 MiB, 9.0, 1755 MHz
  |   threads              {'OMP_NUM_THREADS': '1', 'MKL_NUM_THREADS': '1', 'OPENBLAS_NUM_THREADS': '1', 'XLA_FLAGS': None, 'JAX_PLATFORMS': 'cpu'}
  |   ringdown             /mnt/home/misi/src/ringdown-bench (v1.1.0-46-gd85a0d6)
  |   versions             jax=0.11.1 jaxlib=0.11.1 numpyro=0.21.0 cublas=12.9.2.10 cusolver=11.7.5.82
  | 
  | === PER-GRADIENT DEVICE TIME (us/grad) [leg cpu-f64] ===
  |   --- (n_det=2, n_analyze=205, n_modes=2)  k=8 ---
  |     current                     775.6 us    1.00x   trsm=42 potrf=2
  |     whiten_seq                  329.7 us    2.35x   trsm=18 potrf=2
  |     R1_unroll_concat            297.2 us    2.61x   trsm=8 potrf=1
  |     R1_unroll_sep               303.3 us    2.56x   trsm=10 potrf=1
  |     R1_vmap                     301.3 us    2.57x   trsm=7 potrf=1
  |     floor_no_likelihood          51.6 us   15.04x   
  | 
  | === LEG cpu-f64 DONE in 28.5 s -> /mnt/home/misi/src/ringdown-bench/benchmarks/h100/results_6972367.cpu_f64_omp1.json ===
  |   (leg wall 29.1 s, exit 0)

=== LEG gpu-f64 DONE in 801.2 s -> /mnt/home/misi/src/ringdown-bench/benchmarks/h100/results_6972367.json ===
Next:  python /mnt/home/misi/src/ringdown-bench/benchmarks/h100/analyze.py /mnt/home/misi/src/ringdown-bench/benchmarks/h100/results_6972367.json
==============================================================
bench.py exit code: 0
results: /mnt/home/misi/src/ringdown-bench/benchmarks/h100/results_6972367.json
now run:  /mnt/home/misi/src/ringdown-bench/.venv/bin/python /mnt/home/misi/src/ringdown-bench/benchmarks/h100/analyze.py /mnt/home/misi/src/ringdown-bench/benchmarks/h100/results_6972367.json
(side files: <out>.gpu_f32.json / .cpu_f64.json / .cpu_f64_chains.json /
 .cpu_f64_omp1.json / .f64ref.npz -- analyze.py needs only the main file,
 which embeds them all)
==============================================================
